<html>
<body>
<pre>
<h1>µVision Build Log</h1>
<h2>Tool Versions:</h2>
IDE-Version: ¦ÌVision V5.20.0.39
Copyright (C) 2016 ARM Ltd and ARM Germany GmbH. All rights reserved.
License Information: 1 8613309332131, 1, LIC=ATTQ1-C77CB-JJI6S-LIZM6-PI1FL-6N5CG
 
Tool Versions:
Toolchain:       MDK-ARM Plus  Version: 5.20
Toolchain Path:  D:\keil\ARM\ARMCC\Bin
C Compiler:      Armcc.exe V5.06 update 2 (build 183)
Assembler:       Armasm.exe V5.06 update 2 (build 183)
Linker/Locator:  ArmLink.exe V5.06 update 2 (build 183)
Library Manager: ArmAr.exe V5.06 update 2 (build 183)
Hex Converter:   FromElf.exe V5.06 update 2 (build 183)
CPU DLL:         SARMCM3.DLL V5.20
Dialog DLL:      DARMCM1.DLL V1.14.0.0
Target DLL:      CMSIS_AGDI.dll V1.25.20.0
Dialog DLL:      TARMCM1.DLL V1.10.0.0
 
<h2>Project:</h2>
E:\2.´®¿Ú´òÓ¡²âÊÔ\MDK-ARM\STM32G030.uvprojx
Project File Date:  10/17/2022

<h2>Output:</h2>
*** Using Compiler 'V5.06 update 2 (build 183)', folder: 'D:\keil\ARM\ARMCC\Bin'
Build target 'STM32G030'
compiling main.c...
../Core/Src/main.c(97): warning:  #177-D: variable "h" was declared but never referenced
      int h = lh->out_dims[1];
../Core/Src/main.c(98): warning:  #177-D: variable "w" was declared but never referenced
      int w = lh->out_dims[2];
../Core/Src/main.c(99): warning:  #177-D: variable "ch" was declared but never referenced
      int ch= lh->out_dims[3];
../Core/Src/main.c(100): warning:  #177-D: variable "output" was declared but never referenced
      mtype_t* output = TML_GET_OUTPUT(mdl, lh);
../Core/Src/main.c: 4 warnings, 0 errors
linking...
Program Size: Code=13920 RO-data=2904 RW-data=856 ZI-data=5952  
FromELF: creating hex file...
"STM32G030\STM32G030.axf" - 0 Error(s), 4 Warning(s).

<h2>Software Packages used:</h2>

Package Vendor: ARM
                http://www.keil.com/pack/ARM.CMSIS.4.5.0.pack
                ARM::CMSIS:CORE:4.3.0
                CMSIS (Cortex Microcontroller Software Interface Standard)
   * Component: CORE Version: 4.3.0

<h2>Collection of Component include folders:</h2>
  E:\2.´®¿Ú´òÓ¡²âÊÔ\MDK-ARM\RTE
  D:\keil\ARM\PACK\ARM\CMSIS\4.5.0\CMSIS\Include
  D:\keil\ARM\PACK\Keil\STM32G0xx_DFP\1.3.0\Drivers\CMSIS\Device\ST\STM32G0xx\Include

<h2>Collection of Component Files used:</h2>

   * Component: ARM::CMSIS:CORE:4.3.0
Build Time Elapsed:  00:00:02
</pre>
</body>
</html>
